variant,cpus,distribution,repeat,reported_ns_worst,elapsed_ms,runs_per_s,scaling
xdp_bucket_percpu_entry,1,same,3000000,86,301,9966777,1.00
xdp_bucket_percpu_entry,2,same,3000000,87,297,20202020,2.03
xdp_bucket_percpu_entry,3,same,3000000,90,315,28571429,2.87
xdp_bucket_percpu_entry,4,same,3000000,90,313,38338658,3.85
xdp_bucket_percpu_entry,1,adjacent,3000000,87,298,10067114,1.00
xdp_bucket_percpu_entry,2,adjacent,3000000,98,329,18237082,1.81
xdp_bucket_percpu_entry,3,adjacent,3000000,88,307,29315961,2.91
xdp_bucket_percpu_entry,4,adjacent,3000000,87,311,38585209,3.83
xdp_bucket_percpu_entry,1,spread,3000000,87,297,10101010,1.00
xdp_bucket_percpu_entry,2,spread,3000000,87,295,20338983,2.01
xdp_bucket_percpu_entry,3,spread,3000000,88,306,29411765,2.91
xdp_bucket_percpu_entry,4,spread,3000000,97,340,35294118,3.49
xdp_bucket_percpu_bank,1,same,3000000,86,299,10033445,1.00
xdp_bucket_percpu_bank,2,same,3000000,87,296,20270270,2.02
xdp_bucket_percpu_bank,3,same,3000000,87,296,30405405,3.03
xdp_bucket_percpu_bank,4,same,3000000,97,332,36144578,3.60
xdp_bucket_percpu_bank,1,adjacent,3000000,86,300,10000000,1.00
xdp_bucket_percpu_bank,2,adjacent,3000000,87,298,20134228,2.01
xdp_bucket_percpu_bank,3,adjacent,3000000,86,302,29801325,2.98
xdp_bucket_percpu_bank,4,adjacent,3000000,98,343,34985423,3.50
xdp_bucket_percpu_bank,1,spread,3000000,86,294,10204082,1.00
xdp_bucket_percpu_bank,2,spread,3000000,88,304,19736842,1.93
xdp_bucket_percpu_bank,3,spread,3000000,86,295,30508475,2.99
xdp_bucket_percpu_bank,4,spread,3000000,86,296,40540541,3.97
xdp_bucket_global_race,1,same,3000000,92,316,9493671,1.00
xdp_bucket_global_race,2,same,3000000,109,367,16348774,1.72
xdp_bucket_global_race,3,same,3000000,195,622,14469453,1.52
xdp_bucket_global_race,4,same,3000000,280,883,13590034,1.43
xdp_bucket_global_race,1,adjacent,3000000,84,290,10344828,1.00
xdp_bucket_global_race,2,adjacent,3000000,115,377,15915119,1.54
xdp_bucket_global_race,3,adjacent,3000000,213,678,13274336,1.28
xdp_bucket_global_race,4,adjacent,3000000,196,637,18838305,1.82
xdp_bucket_global_race,1,spread,3000000,84,289,10380623,1.00
xdp_bucket_global_race,2,spread,3000000,84,295,20338983,1.96
xdp_bucket_global_race,3,spread,3000000,85,300,30000000,2.89
xdp_bucket_global_race,4,spread,3000000,89,308,38961039,3.75
xdp_bucket_global_lock_entry,1,same,3000000,108,362,8287293,1.00
xdp_bucket_global_lock_entry,2,same,3000000,689,2109,2844950,0.34
xdp_bucket_global_lock_entry,3,same,3000000,1422,4307,2089622,0.25
xdp_bucket_global_lock_entry,4,same,3000000,1855,5618,2135991,0.26
xdp_bucket_global_lock_entry,1,adjacent,3000000,108,367,8174387,1.00
xdp_bucket_global_lock_entry,2,adjacent,3000000,162,523,11472275,1.40
xdp_bucket_global_lock_entry,3,adjacent,3000000,160,520,17307692,2.12
xdp_bucket_global_lock_entry,4,adjacent,3000000,174,556,21582734,2.64
xdp_bucket_global_lock_entry,1,spread,3000000,108,361,8310249,1.00
xdp_bucket_global_lock_entry,2,spread,3000000,108,359,16713092,2.01
xdp_bucket_global_lock_entry,3,spread,3000000,108,357,25210084,3.03
xdp_bucket_global_lock_entry,4,spread,3000000,118,389,30848329,3.71
xdp_bucket_global_lock_bank,1,same,3000000,108,361,8310249,1.00
xdp_bucket_global_lock_bank,2,same,3000000,660,2020,2970297,0.36
xdp_bucket_global_lock_bank,3,same,3000000,1312,3979,2261875,0.27
xdp_bucket_global_lock_bank,4,same,3000000,1672,5067,2368265,0.28
xdp_bucket_global_lock_bank,1,adjacent,3000000,109,366,8196721,1.00
xdp_bucket_global_lock_bank,2,adjacent,3000000,650,1984,3024194,0.37
xdp_bucket_global_lock_bank,3,adjacent,3000000,1265,3840,2343750,0.29
xdp_bucket_global_lock_bank,4,adjacent,3000000,1722,5215,2301055,0.28
xdp_bucket_global_lock_bank,1,spread,3000000,107,360,8333333,1.00
xdp_bucket_global_lock_bank,2,spread,3000000,595,1827,3284072,0.39
xdp_bucket_global_lock_bank,3,spread,3000000,1240,3757,2395528,0.29
xdp_bucket_global_lock_bank,4,spread,3000000,1567,4749,2526848,0.30
xdp_counter_percpu,1,same,3000000,19,92,32608696,1.00
xdp_counter_percpu,2,same,3000000,19,92,65217391,2.00
xdp_counter_percpu,3,same,3000000,19,93,96774194,2.97
xdp_counter_percpu,4,same,3000000,19,94,127659574,3.91
xdp_counter_percpu,1,adjacent,3000000,19,91,32967033,1.00
xdp_counter_percpu,2,adjacent,3000000,19,101,59405941,1.80
xdp_counter_percpu,3,adjacent,3000000,25,113,79646018,2.42
xdp_counter_percpu,4,adjacent,3000000,19,102,117647059,3.57
xdp_counter_percpu,1,spread,3000000,19,98,30612245,1.00
xdp_counter_percpu,2,spread,3000000,19,93,64516129,2.11
xdp_counter_percpu,3,spread,3000000,19,96,93750000,3.06
xdp_counter_percpu,4,spread,3000000,19,96,125000000,4.08
xdp_counter_shared,1,same,3000000,25,108,27777778,1.00
xdp_counter_shared,2,same,3000000,95,328,18292683,0.66
xdp_counter_shared,3,same,3000000,141,464,19396552,0.70
xdp_counter_shared,4,same,3000000,186,593,20236088,0.73
xdp_counter_shared,1,adjacent,3000000,24,114,26315789,1.00
xdp_counter_shared,2,adjacent,3000000,91,311,19292605,0.73
xdp_counter_shared,3,adjacent,3000000,138,449,20044543,0.76
xdp_counter_shared,4,adjacent,3000000,186,596,20134228,0.77
xdp_counter_shared,1,spread,3000000,25,109,27522936,1.00
xdp_counter_shared,2,spread,3000000,95,331,18126888,0.66
xdp_counter_shared,3,spread,3000000,142,462,19480519,0.71
xdp_counter_shared,4,spread,3000000,184,591,20304569,0.74
