variant,cpus,distribution,repeat,reported_ns_worst,elapsed_ms,runs_per_s,scaling
xdp_bucket_percpu_entry,1,same,3000000,85,292,10273973,1.00
xdp_bucket_percpu_entry,2,same,3000000,87,301,19933555,1.94
xdp_bucket_percpu_entry,3,same,3000000,85,292,30821918,3.00
xdp_bucket_percpu_entry,4,same,3000000,89,316,37974684,3.70
xdp_bucket_percpu_entry,1,adjacent,3000000,85,292,10273973,1.00
xdp_bucket_percpu_entry,2,adjacent,3000000,87,304,19736842,1.92
xdp_bucket_percpu_entry,3,adjacent,3000000,86,294,30612245,2.98
xdp_bucket_percpu_entry,4,adjacent,3000000,89,303,39603960,3.85
xdp_bucket_percpu_entry,1,spread,3000000,85,296,10135135,1.00
xdp_bucket_percpu_entry,2,spread,3000000,85,291,20618557,2.03
xdp_bucket_percpu_entry,3,spread,3000000,88,299,30100334,2.97
xdp_bucket_percpu_entry,4,spread,3000000,86,297,40404040,3.99
xdp_bucket_percpu_bank,1,same,3000000,86,292,10273973,1.00
xdp_bucket_percpu_bank,2,same,3000000,86,294,20408163,1.99
xdp_bucket_percpu_bank,3,same,3000000,87,308,29220779,2.84
xdp_bucket_percpu_bank,4,same,3000000,87,301,39867110,3.88
xdp_bucket_percpu_bank,1,adjacent,3000000,86,294,10204082,1.00
xdp_bucket_percpu_bank,2,adjacent,3000000,86,300,20000000,1.96
xdp_bucket_percpu_bank,3,adjacent,3000000,86,295,30508475,2.99
xdp_bucket_percpu_bank,4,adjacent,3000000,86,297,40404040,3.96
xdp_bucket_percpu_bank,1,spread,3000000,86,294,10204082,1.00
xdp_bucket_percpu_bank,2,spread,3000000,86,292,20547945,2.01
xdp_bucket_percpu_bank,3,spread,3000000,95,320,28125000,2.76
xdp_bucket_percpu_bank,4,spread,3000000,89,304,39473684,3.87
xdp_bucket_global_race,1,same,3000000,83,287,10452962,1.00
xdp_bucket_global_race,2,same,3000000,125,410,14634146,1.40
xdp_bucket_global_race,3,same,3000000,168,539,16697588,1.60
xdp_bucket_global_race,4,same,3000000,216,693,17316017,1.66
xdp_bucket_global_race,1,adjacent,3000000,83,292,10273973,1.00
xdp_bucket_global_race,2,adjacent,3000000,123,405,14814815,1.44
xdp_bucket_global_race,3,adjacent,3000000,166,537,16759777,1.63
xdp_bucket_global_race,4,adjacent,3000000,175,574,20905923,2.03
xdp_bucket_global_race,1,spread,3000000,86,304,9868421,1.00
xdp_bucket_global_race,2,spread,3000000,86,293,20477816,2.08
xdp_bucket_global_race,3,spread,3000000,84,287,31358885,3.18
xdp_bucket_global_race,4,spread,3000000,87,301,39867110,4.04
xdp_bucket_global_lock_entry,1,same,3000000,108,365,8219178,1.00
xdp_bucket_global_lock_entry,2,same,3000000,671,2058,2915452,0.35
xdp_bucket_global_lock_entry,3,same,3000000,1295,3924,2293578,0.28
xdp_bucket_global_lock_entry,4,same,3000000,1689,5120,2343750,0.29
xdp_bucket_global_lock_entry,1,adjacent,3000000,108,360,8333333,1.00
xdp_bucket_global_lock_entry,2,adjacent,3000000,154,497,12072435,1.45
xdp_bucket_global_lock_entry,3,adjacent,3000000,156,508,17716535,2.13
xdp_bucket_global_lock_entry,4,adjacent,3000000,181,593,20236088,2.43
xdp_bucket_global_lock_entry,1,spread,3000000,110,371,8086253,1.00
xdp_bucket_global_lock_entry,2,spread,3000000,109,370,16216216,2.01
xdp_bucket_global_lock_entry,3,spread,3000000,109,370,24324324,3.01
xdp_bucket_global_lock_entry,4,spread,3000000,109,363,33057851,4.09
xdp_bucket_global_lock_bank,1,same,3000000,107,359,8356546,1.00
xdp_bucket_global_lock_bank,2,same,3000000,654,1996,3006012,0.36
xdp_bucket_global_lock_bank,3,same,3000000,1284,3889,2314220,0.28
xdp_bucket_global_lock_bank,4,same,3000000,1680,5090,2357564,0.28
xdp_bucket_global_lock_bank,1,adjacent,3000000,107,358,8379888,1.00
xdp_bucket_global_lock_bank,2,adjacent,3000000,677,2071,2897151,0.35
xdp_bucket_global_lock_bank,3,adjacent,3000000,1273,3865,2328590,0.28
xdp_bucket_global_lock_bank,4,adjacent,3000000,1685,5101,2352480,0.28
xdp_bucket_global_lock_bank,1,spread,3000000,107,358,8379888,1.00
xdp_bucket_global_lock_bank,2,spread,3000000,595,1819,3298516,0.39
xdp_bucket_global_lock_bank,3,spread,3000000,1214,3679,2446317,0.29
xdp_bucket_global_lock_bank,4,spread,3000000,1556,4708,2548853,0.30
xdp_counter_percpu,1,same,3000000,19,94,31914894,1.00
xdp_counter_percpu,2,same,3000000,19,101,59405941,1.86
xdp_counter_percpu,3,same,3000000,19,98,91836735,2.88
xdp_counter_percpu,4,same,3000000,19,106,113207547,3.55
xdp_counter_percpu,1,adjacent,3000000,19,93,32258065,1.00
xdp_counter_percpu,2,adjacent,3000000,19,94,63829787,1.98
xdp_counter_percpu,3,adjacent,3000000,19,101,89108911,2.76
xdp_counter_percpu,4,adjacent,3000000,19,98,122448980,3.80
xdp_counter_percpu,1,spread,3000000,19,93,32258065,1.00
xdp_counter_percpu,2,spread,3000000,19,94,63829787,1.98
xdp_counter_percpu,3,spread,3000000,19,92,97826087,3.03
xdp_counter_percpu,4,spread,3000000,19,96,125000000,3.87
xdp_counter_shared,1,same,3000000,24,110,27272727,1.00
xdp_counter_shared,2,same,3000000,100,348,17241379,0.63
xdp_counter_shared,3,same,3000000,150,489,18404908,0.67
xdp_counter_shared,4,same,3000000,196,628,19108280,0.70
xdp_counter_shared,1,adjacent,3000000,24,111,27027027,1.00
xdp_counter_shared,2,adjacent,3000000,101,342,17543860,0.65
xdp_counter_shared,3,adjacent,3000000,150,488,18442623,0.68
xdp_counter_shared,4,adjacent,3000000,198,634,18927445,0.70
xdp_counter_shared,1,spread,3000000,24,112,26785714,1.00
xdp_counter_shared,2,spread,3000000,99,338,17751479,0.66
xdp_counter_shared,3,spread,3000000,145,475,18947368,0.71
xdp_counter_shared,4,spread,3000000,195,630,19047619,0.71
