xdp_fib_reverse Return value: 2, duration (average): 63ns
xdp_lpm_reverse Return value: 2, duration (average): 24ns
returns:
[{
        "key": 0,
        "values": [{
                "cpu": 0,
                "value": 0
            },{
                "cpu": 1,
                "value": 0
            },{
                "cpu": 2,
                "value": 0
            },{
                "cpu": 3,
                "value": 0
            }
        ]
    },{
        "key": 1,
        "values": [{
                "cpu": 0,
                "value": 0
            },{
                "cpu": 1,
                "value": 0
            },{
                "cpu": 2,
                "value": 0
            },{
                "cpu": 3,
                "value": 0
            }
        ]
    },{
        "key": 2,
        "values": [{
                "cpu": 0,
                "value": 0
            },{
                "cpu": 1,
                "value": 0
            },{
                "cpu": 2,
                "value": 0
            },{
                "cpu": 3,
                "value": 0
            }
        ]
    },{
        "key": 3,
        "values": [{
                "cpu": 0,
                "value": 0
            },{
                "cpu": 1,
                "value": 0
            },{
                "cpu": 2,
                "value": 0
            },{
                "cpu": 3,
                "value": 0
            }
        ]
    },{
        "key": 4,
        "values": [{
                "cpu": 0,
                "value": 0
            },{
                "cpu": 1,
                "value": 0
            },{
                "cpu": 2,
                "value": 0
            },{
                "cpu": 3,
                "value": 0
            }
        ]
    },{
        "key": 5,
        "values": [{
                "cpu": 0,
                "value": 0
            },{
                "cpu": 1,
                "value": 1000000
            },{
                "cpu": 2,
                "value": 0
            },{
                "cpu": 3,
                "value": 0
            }
        ]
    },{
        "key": 6,
        "values": [{
                "cpu": 0,
                "value": 0
            },{
                "cpu": 1,
                "value": 0
            },{
                "cpu": 2,
                "value": 0
            },{
                "cpu": 3,
                "value": 0
            }
        ]
    },{
        "key": 7,
        "values": [{
                "cpu": 0,
                "value": 0
            },{
                "cpu": 1,
                "value": 0
            },{
                "cpu": 2,
                "value": 0
            },{
                "cpu": 3,
                "value": 0
            }
        ]
    },{
        "key": 8,
        "values": [{
                "cpu": 0,
                "value": 0
            },{
                "cpu": 1,
                "value": 0
            },{
                "cpu": 2,
                "value": 0
            },{
                "cpu": 3,
                "value": 0
            }
        ]
    },{
        "key": 9,
        "values": [{
                "cpu": 0,
                "value": 0
            },{
                "cpu": 1,
                "value": 0
            },{
                "cpu": 2,
                "value": 0
            },{
                "cpu": 3,
                "value": 0
            }
        ]
    },{
        "key": 10,
        "values": [{
                "cpu": 0,
                "value": 0
            },{
                "cpu": 1,
                "value": 0
            },{
                "cpu": 2,
                "value": 0
            },{
                "cpu": 3,
                "value": 0
            }
        ]
    },{
        "key": 11,
        "values": [{
                "cpu": 0,
                "value": 0
            },{
                "cpu": 1,
                "value": 0
            },{
                "cpu": 2,
                "value": 0
            },{
                "cpu": 3,
                "value": 0
            }
        ]
    },{
        "key": 12,
        "values": [{
                "cpu": 0,
                "value": 0
            },{
                "cpu": 1,
                "value": 0
            },{
                "cpu": 2,
                "value": 0
            },{
                "cpu": 3,
                "value": 0
            }
        ]
    },{
        "key": 13,
        "values": [{
                "cpu": 0,
                "value": 0
            },{
                "cpu": 1,
                "value": 0
            },{
                "cpu": 2,
                "value": 0
            },{
                "cpu": 3,
                "value": 0
            }
        ]
    },{
        "key": 14,
        "values": [{
                "cpu": 0,
                "value": 0
            },{
                "cpu": 1,
                "value": 0
            },{
                "cpu": 2,
                "value": 0
            },{
                "cpu": 3,
                "value": 0
            }
        ]
    },{
        "key": 15,
        "values": [{
                "cpu": 0,
                "value": 0
            },{
                "cpu": 1,
                "value": 0
            },{
                "cpu": 2,
                "value": 0
            },{
                "cpu": 3,
                "value": 0
            }
        ]
    }
]
